<?xml version="1.0" encoding="ISO-8859-1" ?>
<link_info>
   <banner>TI ARM Linker PC v20.2.7.LTS</banner>
   <copyright>Copyright (c) 1996-2018 Texas Instruments Incorporated</copyright>
   <link_time>0x647a1317</link_time>
   <link_errors>0x0</link_errors>
   <output_file>Ayanami-SDK.out</output_file>
   <entry_point>
      <name>_c_int00_noargs</name>
      <address>0x12b9</address>
   </entry_point>
   <input_file_list>
      <input_file id="fl-2">
         <path>.\</path>
         <kind>object</kind>
         <file>tm4c123gh6pm_startup_ccs.obj</file>
         <name>tm4c123gh6pm_startup_ccs.obj</name>
      </input_file>
      <input_file id="fl-3">
         <path>.\ayanami_driver\</path>
         <kind>object</kind>
         <file>aya_driver_adc.obj</file>
         <name>aya_driver_adc.obj</name>
      </input_file>
      <input_file id="fl-4">
         <path>.\ayanami_driver\</path>
         <kind>object</kind>
         <file>aya_driver_gpio.obj</file>
         <name>aya_driver_gpio.obj</name>
      </input_file>
      <input_file id="fl-5">
         <path>.\ayanami_driver\</path>
         <kind>object</kind>
         <file>aya_driver_i2c.obj</file>
         <name>aya_driver_i2c.obj</name>
      </input_file>
      <input_file id="fl-6">
         <path>.\ayanami_driver\</path>
         <kind>object</kind>
         <file>aya_driver_timer.obj</file>
         <name>aya_driver_timer.obj</name>
      </input_file>
      <input_file id="fl-7">
         <path>.\ayanami_driver\</path>
         <kind>object</kind>
         <file>aya_driver_uart.obj</file>
         <name>aya_driver_uart.obj</name>
      </input_file>
      <input_file id="fl-8">
         <path>.\user\</path>
         <kind>object</kind>
         <file>isr.obj</file>
         <name>isr.obj</name>
      </input_file>
      <input_file id="fl-9">
         <path>.\user\</path>
         <kind>object</kind>
         <file>main.obj</file>
         <name>main.obj</name>
      </input_file>
      <input_file id="fl-a">
         <path>.\utils\</path>
         <kind>object</kind>
         <file>uartstdio.obj</file>
         <name>uartstdio.obj</name>
      </input_file>
      <input_file id="fl-f">
         <kind>object</kind>
         <file>&lt;internal&gt;</file>
         <name>&lt;internal&gt;</name>
      </input_file>
      <input_file id="fl-c5">
         <path>C:\ti\ccs1230\ccs\tools\compiler\ti-cgt-arm_20.2.7.LTS\lib\</path>
         <kind>archive</kind>
         <file>rtsv7M4_T_le_v4SPD16_eabi.lib</file>
         <name>u_divt2.asm.obj</name>
      </input_file>
      <input_file id="fl-c6">
         <path>C:\ti\ccs1230\ccs\tools\compiler\ti-cgt-arm_20.2.7.LTS\lib\</path>
         <kind>archive</kind>
         <file>rtsv7M4_T_le_v4SPD16_eabi.lib</file>
         <name>copy_zero_init.c.obj</name>
      </input_file>
      <input_file id="fl-c7">
         <path>C:\ti\ccs1230\ccs\tools\compiler\ti-cgt-arm_20.2.7.LTS\lib\</path>
         <kind>archive</kind>
         <file>rtsv7M4_T_le_v4SPD16_eabi.lib</file>
         <name>copy_decompress_none.c.obj</name>
      </input_file>
      <input_file id="fl-c8">
         <path>C:\ti\ccs1230\ccs\tools\compiler\ti-cgt-arm_20.2.7.LTS\lib\</path>
         <kind>archive</kind>
         <file>rtsv7M4_T_le_v4SPD16_eabi.lib</file>
         <name>copy_decompress_lzss.c.obj</name>
      </input_file>
      <input_file id="fl-c9">
         <path>C:\ti\ccs1230\ccs\tools\compiler\ti-cgt-arm_20.2.7.LTS\lib\</path>
         <kind>archive</kind>
         <file>rtsv7M4_T_le_v4SPD16_eabi.lib</file>
         <name>boot_cortex_m.c.obj</name>
      </input_file>
      <input_file id="fl-ca">
         <path>C:\ti\ccs1230\ccs\tools\compiler\ti-cgt-arm_20.2.7.LTS\lib\</path>
         <kind>archive</kind>
         <file>rtsv7M4_T_le_v4SPD16_eabi.lib</file>
         <name>div0.asm.obj</name>
      </input_file>
      <input_file id="fl-cb">
         <path>C:\ti\ccs1230\ccs\tools\compiler\ti-cgt-arm_20.2.7.LTS\lib\</path>
         <kind>archive</kind>
         <file>rtsv7M4_T_le_v4SPD16_eabi.lib</file>
         <name>memcpy_t2.asm.obj</name>
      </input_file>
      <input_file id="fl-cc">
         <path>C:\ti\ccs1230\ccs\tools\compiler\ti-cgt-arm_20.2.7.LTS\lib\</path>
         <kind>archive</kind>
         <file>rtsv7M4_T_le_v4SPD16_eabi.lib</file>
         <name>memset_t2.asm.obj</name>
      </input_file>
      <input_file id="fl-cd">
         <path>C:\ti\ccs1230\ccs\tools\compiler\ti-cgt-arm_20.2.7.LTS\lib\</path>
         <kind>archive</kind>
         <file>rtsv7M4_T_le_v4SPD16_eabi.lib</file>
         <name>autoinit.c.obj</name>
      </input_file>
      <input_file id="fl-ce">
         <path>C:\ti\ccs1230\ccs\tools\compiler\ti-cgt-arm_20.2.7.LTS\lib\</path>
         <kind>archive</kind>
         <file>rtsv7M4_T_le_v4SPD16_eabi.lib</file>
         <name>pre_init.c.obj</name>
      </input_file>
      <input_file id="fl-cf">
         <path>C:\ti\ccs1230\ccs\tools\compiler\ti-cgt-arm_20.2.7.LTS\lib\</path>
         <kind>archive</kind>
         <file>rtsv7M4_T_le_v4SPD16_eabi.lib</file>
         <name>cpy_tbl.c.obj</name>
      </input_file>
      <input_file id="fl-d0">
         <path>C:\ti\ccs1230\ccs\tools\compiler\ti-cgt-arm_20.2.7.LTS\lib\</path>
         <kind>archive</kind>
         <file>rtsv7M4_T_le_v4SPD16_eabi.lib</file>
         <name>exit.c.obj</name>
      </input_file>
      <input_file id="fl-d1">
         <path>C:\ti\ccs1230\ccs\tools\compiler\ti-cgt-arm_20.2.7.LTS\lib\</path>
         <kind>archive</kind>
         <file>rtsv7M4_T_le_v4SPD16_eabi.lib</file>
         <name>_lock.c.obj</name>
      </input_file>
      <input_file id="fl-d2">
         <path>C:\ti\ccs1230\ccs\tools\compiler\ti-cgt-arm_20.2.7.LTS\lib\</path>
         <kind>archive</kind>
         <file>rtsv7M4_T_le_v4SPD16_eabi.lib</file>
         <name>args_main.c.obj</name>
      </input_file>
      <input_file id="fl-d3">
         <path>C:\ti\TivaWare_C_Series-2.2.0.295\driverlib\ccs\Debug\</path>
         <kind>archive</kind>
         <file>driverlib.lib</file>
         <name>fpu.obj</name>
      </input_file>
      <input_file id="fl-d4">
         <path>C:\ti\TivaWare_C_Series-2.2.0.295\driverlib\ccs\Debug\</path>
         <kind>archive</kind>
         <file>driverlib.lib</file>
         <name>gpio.obj</name>
      </input_file>
      <input_file id="fl-d5">
         <path>C:\ti\TivaWare_C_Series-2.2.0.295\driverlib\ccs\Debug\</path>
         <kind>archive</kind>
         <file>driverlib.lib</file>
         <name>i2c.obj</name>
      </input_file>
      <input_file id="fl-d6">
         <path>C:\ti\TivaWare_C_Series-2.2.0.295\driverlib\ccs\Debug\</path>
         <kind>archive</kind>
         <file>driverlib.lib</file>
         <name>interrupt.obj</name>
      </input_file>
      <input_file id="fl-d7">
         <path>C:\ti\TivaWare_C_Series-2.2.0.295\driverlib\ccs\Debug\</path>
         <kind>archive</kind>
         <file>driverlib.lib</file>
         <name>sysctl.obj</name>
      </input_file>
      <input_file id="fl-d8">
         <path>C:\ti\TivaWare_C_Series-2.2.0.295\driverlib\ccs\Debug\</path>
         <kind>archive</kind>
         <file>driverlib.lib</file>
         <name>timer.obj</name>
      </input_file>
      <input_file id="fl-d9">
         <path>C:\ti\TivaWare_C_Series-2.2.0.295\driverlib\ccs\Debug\</path>
         <kind>archive</kind>
         <file>driverlib.lib</file>
         <name>uart.obj</name>
      </input_file>
      <input_file id="fl-da">
         <path>C:\ti\TivaWare_C_Series-2.2.0.295\driverlib\ccs\Debug\</path>
         <kind>archive</kind>
         <file>driverlib.lib</file>
         <name>cpu.obj</name>
      </input_file>
   </input_file_list>
   <object_component_list>
      <object_component id="oc-12">
         <name>.intvecs</name>
         <load_address>0x0</load_address>
         <run_address>0x0</run_address>
         <size>0x26c</size>
         <input_file_ref idref="fl-2"/>
      </object_component>
      <object_component id="oc-da">
         <name>.text</name>
         <load_address>0x26c</load_address>
         <run_address>0x26c</run_address>
         <size>0x4a8</size>
         <input_file_ref idref="fl-a"/>
      </object_component>
      <object_component id="oc-ec">
         <name>.text</name>
         <load_address>0x714</load_address>
         <run_address>0x714</run_address>
         <size>0x244</size>
         <input_file_ref idref="fl-6"/>
      </object_component>
      <object_component id="oc-149">
         <name>.text:GPIOPadConfigSet</name>
         <load_address>0x958</load_address>
         <run_address>0x958</run_address>
         <size>0x16c</size>
         <input_file_ref idref="fl-d4"/>
      </object_component>
      <object_component id="oc-1bb">
         <name>.text</name>
         <load_address>0xac4</load_address>
         <run_address>0xac4</run_address>
         <size>0x144</size>
         <input_file_ref idref="fl-8"/>
      </object_component>
      <object_component id="oc-191">
         <name>.text:SysCtlClockGet</name>
         <load_address>0xc08</load_address>
         <run_address>0xc08</run_address>
         <size>0x118</size>
         <input_file_ref idref="fl-d7"/>
      </object_component>
      <object_component id="oc-e0">
         <name>.text:SysCtlClockSet</name>
         <load_address>0xd20</load_address>
         <run_address>0xd20</run_address>
         <size>0xf4</size>
         <input_file_ref idref="fl-d7"/>
      </object_component>
      <object_component id="oc-9b">
         <name>.text</name>
         <load_address>0xe14</load_address>
         <run_address>0xe14</run_address>
         <size>0xd4</size>
         <input_file_ref idref="fl-9"/>
      </object_component>
      <object_component id="oc-3b">
         <name>.text</name>
         <load_address>0xee8</load_address>
         <run_address>0xee8</run_address>
         <size>0x9c</size>
         <input_file_ref idref="fl-cb"/>
      </object_component>
      <object_component id="oc-1a9">
         <name>.text:IntEnable</name>
         <load_address>0xf84</load_address>
         <run_address>0xf84</run_address>
         <size>0x68</size>
         <input_file_ref idref="fl-d6"/>
      </object_component>
      <object_component id="oc-15">
         <name>.text:decompress:lzss:__TI_decompress_lzss</name>
         <load_address>0xfec</load_address>
         <run_address>0xfec</run_address>
         <size>0x68</size>
         <input_file_ref idref="fl-c8"/>
      </object_component>
      <object_component id="oc-18b">
         <name>.text:TimerConfigure</name>
         <load_address>0x1054</load_address>
         <run_address>0x1054</run_address>
         <size>0x60</size>
         <input_file_ref idref="fl-d8"/>
      </object_component>
      <object_component id="oc-c8">
         <name>.text:GPIOPinConfigure</name>
         <load_address>0x10b4</load_address>
         <run_address>0x10b4</run_address>
         <size>0x4c</size>
         <input_file_ref idref="fl-d4"/>
      </object_component>
      <object_component id="oc-229">
         <name>.text:_TimerIntNumberGet</name>
         <load_address>0x1100</load_address>
         <run_address>0x1100</run_address>
         <size>0x4c</size>
         <input_file_ref idref="fl-d8"/>
      </object_component>
      <object_component id="oc-158">
         <name>.text:UARTConfigSetExpClk</name>
         <load_address>0x114c</load_address>
         <run_address>0x114c</run_address>
         <size>0x46</size>
         <input_file_ref idref="fl-d9"/>
      </object_component>
      <object_component id="oc-217">
         <name>.text</name>
         <load_address>0x1192</load_address>
         <run_address>0x1192</run_address>
         <size>0x2</size>
         <input_file_ref idref="fl-ca"/>
      </object_component>
      <object_component id="oc-105">
         <name>.text:__TI_auto_init_nobinit_nopinit:__TI_auto_init_nobinit_nopinit</name>
         <load_address>0x1194</load_address>
         <run_address>0x1194</run_address>
         <size>0x44</size>
         <input_file_ref idref="fl-cd"/>
      </object_component>
      <object_component id="oc-179">
         <name>.text</name>
         <load_address>0x11d8</load_address>
         <run_address>0x11d8</run_address>
         <size>0x40</size>
         <input_file_ref idref="fl-c5"/>
      </object_component>
      <object_component id="oc-152">
         <name>.text:SysCtlPeripheralPresent</name>
         <load_address>0x1218</load_address>
         <run_address>0x1218</run_address>
         <size>0x38</size>
         <input_file_ref idref="fl-d7"/>
      </object_component>
      <object_component id="oc-22f">
         <name>.text:IntRegister</name>
         <load_address>0x1250</load_address>
         <run_address>0x1250</run_address>
         <size>0x34</size>
         <input_file_ref idref="fl-d6"/>
      </object_component>
      <object_component id="oc-c2">
         <name>.text:SysCtlPeripheralEnable</name>
         <load_address>0x1284</load_address>
         <run_address>0x1284</run_address>
         <size>0x34</size>
         <input_file_ref idref="fl-d7"/>
      </object_component>
      <object_component id="oc-59">
         <name>.text:_c_int00_noargs:_c_int00_noargs</name>
         <load_address>0x12b8</load_address>
         <run_address>0x12b8</run_address>
         <size>0x34</size>
         <input_file_ref idref="fl-c9"/>
      </object_component>
      <object_component id="oc-143">
         <name>.text:GPIODirModeSet</name>
         <load_address>0x12ec</load_address>
         <run_address>0x12ec</run_address>
         <size>0x2c</size>
         <input_file_ref idref="fl-d4"/>
      </object_component>
      <object_component id="oc-207">
         <name>.text:UARTDisable</name>
         <load_address>0x1318</load_address>
         <run_address>0x1318</run_address>
         <size>0x20</size>
         <input_file_ref idref="fl-d9"/>
      </object_component>
      <object_component id="oc-47">
         <name>.text:decompress:ZI:__TI_zero_init_nomemset:__TI_zero_init_nomemset</name>
         <load_address>0x1338</load_address>
         <run_address>0x1338</run_address>
         <size>0x1c</size>
         <input_file_ref idref="fl-c6"/>
      </object_component>
      <object_component id="oc-19d">
         <name>.text:TimerIntRegister</name>
         <load_address>0x1354</load_address>
         <run_address>0x1354</run_address>
         <size>0x18</size>
         <input_file_ref idref="fl-d8"/>
      </object_component>
      <object_component id="oc-ce">
         <name>.text:GPIOPinTypeUART</name>
         <load_address>0x136c</load_address>
         <run_address>0x136c</run_address>
         <size>0x16</size>
         <input_file_ref idref="fl-d4"/>
      </object_component>
      <object_component id="oc-15e">
         <name>.text:UARTEnable</name>
         <load_address>0x1382</load_address>
         <run_address>0x1382</run_address>
         <size>0x14</size>
         <input_file_ref idref="fl-d9"/>
      </object_component>
      <object_component id="oc-197">
         <name>.text:TimerLoadSet</name>
         <load_address>0x1396</load_address>
         <run_address>0x1396</run_address>
         <size>0x12</size>
         <input_file_ref idref="fl-d8"/>
      </object_component>
      <object_component id="oc-e6">
         <name>.text:FPULazyStackingEnable</name>
         <load_address>0x13a8</load_address>
         <run_address>0x13a8</run_address>
         <size>0x10</size>
         <input_file_ref idref="fl-d3"/>
      </object_component>
      <object_component id="oc-1af">
         <name>.text:IntMasterEnable</name>
         <load_address>0x13b8</load_address>
         <run_address>0x13b8</run_address>
         <size>0x10</size>
         <input_file_ref idref="fl-d6"/>
      </object_component>
      <object_component id="oc-1b5">
         <name>.text:TimerEnable</name>
         <load_address>0x13c8</load_address>
         <run_address>0x13c8</run_address>
         <size>0xe</size>
         <input_file_ref idref="fl-d8"/>
      </object_component>
      <object_component id="oc-1b">
         <name>.text:decompress:none:__TI_decompress_none</name>
         <load_address>0x13d6</load_address>
         <run_address>0x13d6</run_address>
         <size>0xe</size>
         <input_file_ref idref="fl-c7"/>
      </object_component>
      <object_component id="oc-23c">
         <name>.text:CPUcpsie</name>
         <load_address>0x13e4</load_address>
         <run_address>0x13e4</run_address>
         <size>0xc</size>
         <input_file_ref idref="fl-da"/>
      </object_component>
      <object_component id="oc-27">
         <name>.text</name>
         <load_address>0x13f0</load_address>
         <run_address>0x13f0</run_address>
         <size>0xc</size>
         <input_file_ref idref="fl-2"/>
      </object_component>
      <object_component id="oc-16a">
         <name>.text:UARTCharGet</name>
         <load_address>0x13fc</load_address>
         <run_address>0x13fc</run_address>
         <size>0xa</size>
         <input_file_ref idref="fl-d9"/>
      </object_component>
      <object_component id="oc-164">
         <name>.text:UARTCharPut</name>
         <load_address>0x1406</load_address>
         <run_address>0x1406</run_address>
         <size>0xa</size>
         <input_file_ref idref="fl-d9"/>
      </object_component>
      <object_component id="oc-1a3">
         <name>.text:TimerIntEnable</name>
         <load_address>0x1410</load_address>
         <run_address>0x1410</run_address>
         <size>0x8</size>
         <input_file_ref idref="fl-d8"/>
      </object_component>
      <object_component id="oc-188">
         <name>.text:SysCtlDelay</name>
         <load_address>0x1418</load_address>
         <run_address>0x1418</run_address>
         <size>0x6</size>
         <input_file_ref idref="fl-d7"/>
      </object_component>
      <object_component id="oc-d4">
         <name>.text:UARTClockSourceSet</name>
         <load_address>0x141e</load_address>
         <run_address>0x141e</run_address>
         <size>0x6</size>
         <input_file_ref idref="fl-d9"/>
      </object_component>
      <object_component id="oc-244">
         <name>.text:TimerIntClear</name>
         <load_address>0x1424</load_address>
         <run_address>0x1424</run_address>
         <size>0x4</size>
         <input_file_ref idref="fl-d8"/>
      </object_component>
      <object_component id="oc-95">
         <name>.text:_system_pre_init</name>
         <load_address>0x1428</load_address>
         <run_address>0x1428</run_address>
         <size>0x4</size>
         <input_file_ref idref="fl-ce"/>
      </object_component>
      <object_component id="oc-f9">
         <name>.text:abort:abort</name>
         <load_address>0x142c</load_address>
         <run_address>0x142c</run_address>
         <size>0x4</size>
         <input_file_ref idref="fl-d0"/>
      </object_component>
      <object_component id="oc-13e">
         <name>.const:g_pui32GPIOBaseAddrs</name>
         <load_address>0x1430</load_address>
         <run_address>0x1430</run_address>
         <size>0x90</size>
         <input_file_ref idref="fl-d4"/>
      </object_component>
      <object_component id="oc-224">
         <name>.const:g_pui32Xtals</name>
         <load_address>0x14c0</load_address>
         <run_address>0x14c0</run_address>
         <size>0x6c</size>
         <input_file_ref idref="fl-d7"/>
      </object_component>
      <object_component id="oc-274">
         <name>.const:g_ppui32TimerIntMap</name>
         <load_address>0x152c</load_address>
         <run_address>0x152c</run_address>
         <size>0x60</size>
         <input_file_ref idref="fl-d8"/>
      </object_component>
      <object_component id="oc-277">
         <name>.const:g_ppui32TimerIntMapSnowflake</name>
         <load_address>0x158c</load_address>
         <run_address>0x158c</run_address>
         <size>0x40</size>
         <input_file_ref idref="fl-d8"/>
      </object_component>
      <object_component id="oc-237">
         <name>.const:g_pui32EnRegs</name>
         <load_address>0x15cc</load_address>
         <run_address>0x15cc</run_address>
         <size>0x14</size>
         <input_file_ref idref="fl-d6"/>
      </object_component>
      <object_component id="oc-21d">
         <name>.const:.string</name>
         <load_address>0x15e0</load_address>
         <run_address>0x15e0</run_address>
         <size>0x12</size>
         <input_file_ref idref="fl-a"/>
      </object_component>
      <object_component id="oc-176">
         <name>.const:g_ui32UARTBase</name>
         <load_address>0x15f4</load_address>
         <run_address>0x15f4</run_address>
         <size>0xc</size>
         <input_file_ref idref="fl-a"/>
      </object_component>
      <object_component id="oc-170">
         <name>.const:g_ui32UARTPeriph</name>
         <load_address>0x1600</load_address>
         <run_address>0x1600</run_address>
         <size>0xc</size>
         <input_file_ref idref="fl-a"/>
      </object_component>
      <object_component id="oc-17e">
         <name>.const</name>
         <load_address>0x160c</load_address>
         <run_address>0x160c</run_address>
         <size>0x4</size>
         <input_file_ref idref="fl-a"/>
      </object_component>
      <object_component id="oc-2c5">
         <name>__TI_handler_table</name>
         <load_address>0x1610</load_address>
         <run_address>0x1610</run_address>
         <size>0xc</size>
      </object_component>
      <object_component id="oc-2c8">
         <name>.cinit..data.load</name>
         <load_address>0x161c</load_address>
         <run_address>0x161c</run_address>
         <size>0x8</size>
      </object_component>
      <object_component id="oc-2c7">
         <name>.cinit..vtable.load</name>
         <load_address>0x1628</load_address>
         <run_address>0x1628</run_address>
         <size>0x8</size>
      </object_component>
      <object_component id="oc-2c6">
         <name>__TI_cinit_table</name>
         <load_address>0x1630</load_address>
         <run_address>0x1630</run_address>
         <size>0x10</size>
      </object_component>
      <object_component id="oc-27b">
         <name>.vtable</name>
         <uninitialized>true</uninitialized>
         <run_address>0x20000000</run_address>
         <size>0x26c</size>
         <input_file_ref idref="fl-d6"/>
      </object_component>
      <object_component id="oc-24a">
         <name>.data</name>
         <load_address>0x20000470</load_address>
         <run_address>0x20000470</run_address>
         <size>0x18</size>
         <input_file_ref idref="fl-8"/>
      </object_component>
      <object_component id="oc-173">
         <name>.data</name>
         <load_address>0x20000488</load_address>
         <run_address>0x20000488</run_address>
         <size>0x5</size>
         <input_file_ref idref="fl-a"/>
      </object_component>
      <object_component id="oc-24">
         <name>.stack</name>
         <uninitialized>true</uninitialized>
         <run_address>0x20000270</run_address>
         <size>0x4</size>
         <input_file_ref idref="fl-c9"/>
      </object_component>
      <object_component id="oc-2ca">
         <name>.stack</name>
         <uninitialized>true</uninitialized>
         <run_address>0x20000270</run_address>
         <size>0x0</size>
      </object_component>
      <object_component id="oc-2f">
         <name>.debug_info</name>
         <load_address>0x0</load_address>
         <run_address>0x0</run_address>
         <size>0x2b5</size>
         <input_file_ref idref="fl-2"/>
      </object_component>
      <object_component id="oc-13">
         <name>.debug_info</name>
         <load_address>0x2b5</load_address>
         <run_address>0x2b5</run_address>
         <size>0xf4</size>
         <input_file_ref idref="fl-2"/>
      </object_component>
      <object_component id="oc-2b">
         <name>.debug_info</name>
         <load_address>0x3a9</load_address>
         <run_address>0x3a9</run_address>
         <size>0x270</size>
         <input_file_ref idref="fl-2"/>
      </object_component>
      <object_component id="oc-70">
         <name>.debug_info</name>
         <load_address>0x619</load_address>
         <run_address>0x619</run_address>
         <size>0x26b</size>
         <input_file_ref idref="fl-2"/>
      </object_component>
      <object_component id="oc-36">
         <name>.debug_info</name>
         <load_address>0x884</load_address>
         <run_address>0x884</run_address>
         <size>0x84</size>
         <input_file_ref idref="fl-2"/>
      </object_component>
      <object_component id="oc-ad">
         <name>.debug_info</name>
         <load_address>0x908</load_address>
         <run_address>0x908</run_address>
         <size>0x2a4</size>
         <input_file_ref idref="fl-2"/>
      </object_component>
      <object_component id="oc-75">
         <name>.debug_info</name>
         <load_address>0xbac</load_address>
         <run_address>0xbac</run_address>
         <size>0xbb</size>
         <input_file_ref idref="fl-2"/>
      </object_component>
      <object_component id="oc-f4">
         <name>.debug_info</name>
         <load_address>0xc67</load_address>
         <run_address>0xc67</run_address>
         <size>0x8b</size>
         <input_file_ref idref="fl-4"/>
      </object_component>
      <object_component id="oc-ed">
         <name>.debug_info</name>
         <load_address>0xcf2</load_address>
         <run_address>0xcf2</run_address>
         <size>0x633</size>
         <input_file_ref idref="fl-6"/>
      </object_component>
      <object_component id="oc-1c2">
         <name>.debug_info</name>
         <load_address>0x1325</load_address>
         <run_address>0x1325</run_address>
         <size>0xbf</size>
         <input_file_ref idref="fl-6"/>
      </object_component>
      <object_component id="oc-183">
         <name>.debug_info</name>
         <load_address>0x13e4</load_address>
         <run_address>0x13e4</run_address>
         <size>0x2c</size>
         <input_file_ref idref="fl-6"/>
      </object_component>
      <object_component id="oc-1be">
         <name>.debug_info</name>
         <load_address>0x1410</load_address>
         <run_address>0x1410</run_address>
         <size>0x441</size>
         <input_file_ref idref="fl-8"/>
      </object_component>
      <object_component id="oc-f3">
         <name>.debug_info</name>
         <load_address>0x1851</load_address>
         <run_address>0x1851</run_address>
         <size>0x450</size>
         <input_file_ref idref="fl-9"/>
      </object_component>
      <object_component id="oc-9d">
         <name>.debug_info</name>
         <load_address>0x1ca1</load_address>
         <run_address>0x1ca1</run_address>
         <size>0x352</size>
         <input_file_ref idref="fl-9"/>
      </object_component>
      <object_component id="oc-182">
         <name>.debug_info</name>
         <load_address>0x1ff3</load_address>
         <run_address>0x1ff3</run_address>
         <size>0x3ef</size>
         <input_file_ref idref="fl-a"/>
      </object_component>
      <object_component id="oc-174">
         <name>.debug_info</name>
         <load_address>0x23e2</load_address>
         <run_address>0x23e2</run_address>
         <size>0xe6</size>
         <input_file_ref idref="fl-a"/>
      </object_component>
      <object_component id="oc-17f">
         <name>.debug_info</name>
         <load_address>0x24c8</load_address>
         <run_address>0x24c8</run_address>
         <size>0xe0</size>
         <input_file_ref idref="fl-a"/>
      </object_component>
      <object_component id="oc-177">
         <name>.debug_info</name>
         <load_address>0x25a8</load_address>
         <run_address>0x25a8</run_address>
         <size>0xee</size>
         <input_file_ref idref="fl-a"/>
      </object_component>
      <object_component id="oc-171">
         <name>.debug_info</name>
         <load_address>0x2696</load_address>
         <run_address>0x2696</run_address>
         <size>0xf2</size>
         <input_file_ref idref="fl-a"/>
      </object_component>
      <object_component id="oc-de">
         <name>.debug_info</name>
         <load_address>0x2788</load_address>
         <run_address>0x2788</run_address>
         <size>0x7d7</size>
         <input_file_ref idref="fl-a"/>
      </object_component>
      <object_component id="oc-17b">
         <name>.debug_info</name>
         <load_address>0x2f5f</load_address>
         <run_address>0x2f5f</run_address>
         <size>0x142</size>
         <input_file_ref idref="fl-c5"/>
      </object_component>
      <object_component id="oc-8e">
         <name>.debug_info</name>
         <load_address>0x30a1</load_address>
         <run_address>0x30a1</run_address>
         <size>0x2d4</size>
         <input_file_ref idref="fl-c6"/>
      </object_component>
      <object_component id="oc-48">
         <name>.debug_info</name>
         <load_address>0x3375</load_address>
         <run_address>0x3375</run_address>
         <size>0x1d2</size>
         <input_file_ref idref="fl-c6"/>
      </object_component>
      <object_component id="oc-89">
         <name>.debug_info</name>
         <load_address>0x3547</load_address>
         <run_address>0x3547</run_address>
         <size>0x46</size>
         <input_file_ref idref="fl-c6"/>
      </object_component>
      <object_component id="oc-b9">
         <name>.debug_info</name>
         <load_address>0x358d</load_address>
         <run_address>0x358d</run_address>
         <size>0x2c</size>
         <input_file_ref idref="fl-c6"/>
      </object_component>
      <object_component id="oc-46">
         <name>.debug_info</name>
         <load_address>0x35b9</load_address>
         <run_address>0x35b9</run_address>
         <size>0x2a8</size>
         <input_file_ref idref="fl-c7"/>
      </object_component>
      <object_component id="oc-1f">
         <name>.debug_info</name>
         <load_address>0x3861</load_address>
         <run_address>0x3861</run_address>
         <size>0x1ea</size>
         <input_file_ref idref="fl-c7"/>
      </object_component>
      <object_component id="oc-41">
         <name>.debug_info</name>
         <load_address>0x3a4b</load_address>
         <run_address>0x3a4b</run_address>
         <size>0x46</size>
         <input_file_ref idref="fl-c7"/>
      </object_component>
      <object_component id="oc-81">
         <name>.debug_info</name>
         <load_address>0x3a91</load_address>
         <run_address>0x3a91</run_address>
         <size>0x2c</size>
         <input_file_ref idref="fl-c7"/>
      </object_component>
      <object_component id="oc-7f">
         <name>.debug_info</name>
         <load_address>0x3abd</load_address>
         <run_address>0x3abd</run_address>
         <size>0x29e</size>
         <input_file_ref idref="fl-c8"/>
      </object_component>
      <object_component id="oc-17">
         <name>.debug_info</name>
         <load_address>0x3d5b</load_address>
         <run_address>0x3d5b</run_address>
         <size>0x250</size>
         <input_file_ref idref="fl-c8"/>
      </object_component>
      <object_component id="oc-31">
         <name>.debug_info</name>
         <load_address>0x3fab</load_address>
         <run_address>0x3fab</run_address>
         <size>0x60</size>
         <input_file_ref idref="fl-c8"/>
      </object_component>
      <object_component id="oc-b2">
         <name>.debug_info</name>
         <load_address>0x400b</load_address>
         <run_address>0x400b</run_address>
         <size>0x46</size>
         <input_file_ref idref="fl-c8"/>
      </object_component>
      <object_component id="oc-7a">
         <name>.debug_info</name>
         <load_address>0x4051</load_address>
         <run_address>0x4051</run_address>
         <size>0x39</size>
         <input_file_ref idref="fl-c8"/>
      </object_component>
      <object_component id="oc-25">
         <name>.debug_info</name>
         <load_address>0x408a</load_address>
         <run_address>0x408a</run_address>
         <size>0x10b</size>
         <input_file_ref idref="fl-c9"/>
      </object_component>
      <object_component id="oc-5d">
         <name>.debug_info</name>
         <load_address>0x4195</load_address>
         <run_address>0x4195</run_address>
         <size>0x1a9</size>
         <input_file_ref idref="fl-c9"/>
      </object_component>
      <object_component id="oc-219">
         <name>.debug_info</name>
         <load_address>0x433e</load_address>
         <run_address>0x433e</run_address>
         <size>0x115</size>
         <input_file_ref idref="fl-ca"/>
      </object_component>
      <object_component id="oc-3d">
         <name>.debug_info</name>
         <load_address>0x4453</load_address>
         <run_address>0x4453</run_address>
         <size>0x119</size>
         <input_file_ref idref="fl-cb"/>
      </object_component>
      <object_component id="oc-1d4">
         <name>.debug_info</name>
         <load_address>0x456c</load_address>
         <run_address>0x456c</run_address>
         <size>0x4b3</size>
         <input_file_ref idref="fl-cd"/>
      </object_component>
      <object_component id="oc-106">
         <name>.debug_info</name>
         <load_address>0x4a1f</load_address>
         <run_address>0x4a1f</run_address>
         <size>0x1a6</size>
         <input_file_ref idref="fl-cd"/>
      </object_component>
      <object_component id="oc-25c">
         <name>.debug_info</name>
         <load_address>0x4bc5</load_address>
         <run_address>0x4bc5</run_address>
         <size>0x39</size>
         <input_file_ref idref="fl-cd"/>
      </object_component>
      <object_component id="oc-288">
         <name>.debug_info</name>
         <load_address>0x4bfe</load_address>
         <run_address>0x4bfe</run_address>
         <size>0x39</size>
         <input_file_ref idref="fl-cd"/>
      </object_component>
      <object_component id="oc-261">
         <name>.debug_info</name>
         <load_address>0x4c37</load_address>
         <run_address>0x4c37</run_address>
         <size>0x39</size>
         <input_file_ref idref="fl-cd"/>
      </object_component>
      <object_component id="oc-266">
         <name>.debug_info</name>
         <load_address>0x4c70</load_address>
         <run_address>0x4c70</run_address>
         <size>0xcd</size>
         <input_file_ref idref="fl-cd"/>
      </object_component>
      <object_component id="oc-96">
         <name>.debug_info</name>
         <load_address>0x4d3d</load_address>
         <run_address>0x4d3d</run_address>
         <size>0x153</size>
         <input_file_ref idref="fl-ce"/>
      </object_component>
      <object_component id="oc-fc">
         <name>.debug_info</name>
         <load_address>0x4e90</load_address>
         <run_address>0x4e90</run_address>
         <size>0x122</size>
         <input_file_ref idref="fl-d0"/>
      </object_component>
      <object_component id="oc-26d">
         <name>.debug_info</name>
         <load_address>0x4fb2</load_address>
         <run_address>0x4fb2</run_address>
         <size>0x2dc</size>
         <input_file_ref idref="fl-d3"/>
      </object_component>
      <object_component id="oc-e7">
         <name>.debug_info</name>
         <load_address>0x528e</load_address>
         <run_address>0x528e</run_address>
         <size>0x22e</size>
         <input_file_ref idref="fl-d3"/>
      </object_component>
      <object_component id="oc-1f9">
         <name>.debug_info</name>
         <load_address>0x54bc</load_address>
         <run_address>0x54bc</run_address>
         <size>0x26b</size>
         <input_file_ref idref="fl-d3"/>
      </object_component>
      <object_component id="oc-1e9">
         <name>.debug_info</name>
         <load_address>0x5727</load_address>
         <run_address>0x5727</run_address>
         <size>0x297</size>
         <input_file_ref idref="fl-d3"/>
      </object_component>
      <object_component id="oc-1f4">
         <name>.debug_info</name>
         <load_address>0x59be</load_address>
         <run_address>0x59be</run_address>
         <size>0xef</size>
         <input_file_ref idref="fl-d3"/>
      </object_component>
      <object_component id="oc-138">
         <name>.debug_info</name>
         <load_address>0x5aad</load_address>
         <run_address>0x5aad</run_address>
         <size>0xbb</size>
         <input_file_ref idref="fl-d3"/>
      </object_component>
      <object_component id="oc-142">
         <name>.debug_info</name>
         <load_address>0x5b68</load_address>
         <run_address>0x5b68</run_address>
         <size>0x3e4</size>
         <input_file_ref idref="fl-d4"/>
      </object_component>
      <object_component id="oc-13f">
         <name>.debug_info</name>
         <load_address>0x5f4c</load_address>
         <run_address>0x5f4c</run_address>
         <size>0x164</size>
         <input_file_ref idref="fl-d4"/>
      </object_component>
      <object_component id="oc-144">
         <name>.debug_info</name>
         <load_address>0x60b0</load_address>
         <run_address>0x60b0</run_address>
         <size>0x2bc</size>
         <input_file_ref idref="fl-d4"/>
      </object_component>
      <object_component id="oc-14a">
         <name>.debug_info</name>
         <load_address>0x636c</load_address>
         <run_address>0x636c</run_address>
         <size>0x31f</size>
         <input_file_ref idref="fl-d4"/>
      </object_component>
      <object_component id="oc-cf">
         <name>.debug_info</name>
         <load_address>0x668b</load_address>
         <run_address>0x668b</run_address>
         <size>0x29b</size>
         <input_file_ref idref="fl-d4"/>
      </object_component>
      <object_component id="oc-c9">
         <name>.debug_info</name>
         <load_address>0x6926</load_address>
         <run_address>0x6926</run_address>
         <size>0x289</size>
         <input_file_ref idref="fl-d4"/>
      </object_component>
      <object_component id="oc-23b">
         <name>.debug_info</name>
         <load_address>0x6baf</load_address>
         <run_address>0x6baf</run_address>
         <size>0x3b7</size>
         <input_file_ref idref="fl-d6"/>
      </object_component>
      <object_component id="oc-238">
         <name>.debug_info</name>
         <load_address>0x6f66</load_address>
         <run_address>0x6f66</run_address>
         <size>0x15b</size>
         <input_file_ref idref="fl-d6"/>
      </object_component>
      <object_component id="oc-27c">
         <name>.debug_info</name>
         <load_address>0x70c1</load_address>
         <run_address>0x70c1</run_address>
         <size>0x160</size>
         <input_file_ref idref="fl-d6"/>
      </object_component>
      <object_component id="oc-231">
         <name>.debug_info</name>
         <load_address>0x7221</load_address>
         <run_address>0x7221</run_address>
         <size>0x2ca</size>
         <input_file_ref idref="fl-d6"/>
      </object_component>
      <object_component id="oc-1b0">
         <name>.debug_info</name>
         <load_address>0x74eb</load_address>
         <run_address>0x74eb</run_address>
         <size>0x247</size>
         <input_file_ref idref="fl-d6"/>
      </object_component>
      <object_component id="oc-1ab">
         <name>.debug_info</name>
         <load_address>0x7732</load_address>
         <run_address>0x7732</run_address>
         <size>0x271</size>
         <input_file_ref idref="fl-d6"/>
      </object_component>
      <object_component id="oc-13d">
         <name>.debug_info</name>
         <load_address>0x79a3</load_address>
         <run_address>0x79a3</run_address>
         <size>0x441</size>
         <input_file_ref idref="fl-d7"/>
      </object_component>
      <object_component id="oc-225">
         <name>.debug_info</name>
         <load_address>0x7de4</load_address>
         <run_address>0x7de4</run_address>
         <size>0x156</size>
         <input_file_ref idref="fl-d7"/>
      </object_component>
      <object_component id="oc-153">
         <name>.debug_info</name>
         <load_address>0x7f3a</load_address>
         <run_address>0x7f3a</run_address>
         <size>0x28c</size>
         <input_file_ref idref="fl-d7"/>
      </object_component>
      <object_component id="oc-c3">
         <name>.debug_info</name>
         <load_address>0x81c6</load_address>
         <run_address>0x81c6</run_address>
         <size>0x286</size>
         <input_file_ref idref="fl-d7"/>
      </object_component>
      <object_component id="oc-e2">
         <name>.debug_info</name>
         <load_address>0x844c</load_address>
         <run_address>0x844c</run_address>
         <size>0x2e4</size>
         <input_file_ref idref="fl-d7"/>
      </object_component>
      <object_component id="oc-193">
         <name>.debug_info</name>
         <load_address>0x8730</load_address>
         <run_address>0x8730</run_address>
         <size>0x2be</size>
         <input_file_ref idref="fl-d7"/>
      </object_component>
      <object_component id="oc-1f0">
         <name>.debug_info</name>
         <load_address>0x89ee</load_address>
         <run_address>0x89ee</run_address>
         <size>0x51</size>
         <input_file_ref idref="fl-d7"/>
      </object_component>
      <object_component id="oc-223">
         <name>.debug_info</name>
         <load_address>0x8a3f</load_address>
         <run_address>0x8a3f</run_address>
         <size>0x3c7</size>
         <input_file_ref idref="fl-d8"/>
      </object_component>
      <object_component id="oc-275">
         <name>.debug_info</name>
         <load_address>0x8e06</load_address>
         <run_address>0x8e06</run_address>
         <size>0x163</size>
         <input_file_ref idref="fl-d8"/>
      </object_component>
      <object_component id="oc-278">
         <name>.debug_info</name>
         <load_address>0x8f69</load_address>
         <run_address>0x8f69</run_address>
         <size>0x175</size>
         <input_file_ref idref="fl-d8"/>
      </object_component>
      <object_component id="oc-198">
         <name>.debug_info</name>
         <load_address>0x90de</load_address>
         <run_address>0x90de</run_address>
         <size>0x2c3</size>
         <input_file_ref idref="fl-d8"/>
      </object_component>
      <object_component id="oc-22a">
         <name>.debug_info</name>
         <load_address>0x93a1</load_address>
         <run_address>0x93a1</run_address>
         <size>0x2f4</size>
         <input_file_ref idref="fl-d8"/>
      </object_component>
      <object_component id="oc-19e">
         <name>.debug_info</name>
         <load_address>0x9695</load_address>
         <run_address>0x9695</run_address>
         <size>0x2ed</size>
         <input_file_ref idref="fl-d8"/>
      </object_component>
      <object_component id="oc-1a4">
         <name>.debug_info</name>
         <load_address>0x9982</load_address>
         <run_address>0x9982</run_address>
         <size>0x29d</size>
         <input_file_ref idref="fl-d8"/>
      </object_component>
      <object_component id="oc-245">
         <name>.debug_info</name>
         <load_address>0x9c1f</load_address>
         <run_address>0x9c1f</run_address>
         <size>0x29b</size>
         <input_file_ref idref="fl-d8"/>
      </object_component>
      <object_component id="oc-1b6">
         <name>.debug_info</name>
         <load_address>0x9eba</load_address>
         <run_address>0x9eba</run_address>
         <size>0x288</size>
         <input_file_ref idref="fl-d8"/>
      </object_component>
      <object_component id="oc-18c">
         <name>.debug_info</name>
         <load_address>0xa142</load_address>
         <run_address>0xa142</run_address>
         <size>0x295</size>
         <input_file_ref idref="fl-d8"/>
      </object_component>
      <object_component id="oc-151">
         <name>.debug_info</name>
         <load_address>0xa3d7</load_address>
         <run_address>0xa3d7</run_address>
         <size>0x3cb</size>
         <input_file_ref idref="fl-d9"/>
      </object_component>
      <object_component id="oc-15f">
         <name>.debug_info</name>
         <load_address>0xa7a2</load_address>
         <run_address>0xa7a2</run_address>
         <size>0x250</size>
         <input_file_ref idref="fl-d9"/>
      </object_component>
      <object_component id="oc-208">
         <name>.debug_info</name>
         <load_address>0xa9f2</load_address>
         <run_address>0xa9f2</run_address>
         <size>0x252</size>
         <input_file_ref idref="fl-d9"/>
      </object_component>
      <object_component id="oc-159">
         <name>.debug_info</name>
         <load_address>0xac44</load_address>
         <run_address>0xac44</run_address>
         <size>0x32f</size>
         <input_file_ref idref="fl-d9"/>
      </object_component>
      <object_component id="oc-d5">
         <name>.debug_info</name>
         <load_address>0xaf73</load_address>
         <run_address>0xaf73</run_address>
         <size>0x29a</size>
         <input_file_ref idref="fl-d9"/>
      </object_component>
      <object_component id="oc-165">
         <name>.debug_info</name>
         <load_address>0xb20d</load_address>
         <run_address>0xb20d</run_address>
         <size>0x27c</size>
         <input_file_ref idref="fl-d9"/>
      </object_component>
      <object_component id="oc-16b">
         <name>.debug_info</name>
         <load_address>0xb489</load_address>
         <run_address>0xb489</run_address>
         <size>0x256</size>
         <input_file_ref idref="fl-d9"/>
      </object_component>
      <object_component id="oc-23f">
         <name>.debug_info</name>
         <load_address>0xb6df</load_address>
         <run_address>0xb6df</run_address>
         <size>0x21b</size>
         <input_file_ref idref="fl-da"/>
      </object_component>
      <object_component id="oc-2cb">
         <name>.debug_info</name>
         <load_address>0xb8fa</load_address>
         <run_address>0xb8fa</run_address>
         <size>0xa7</size>
      </object_component>
      <object_component id="oc-6f">
         <name>.debug_line</name>
         <load_address>0x0</load_address>
         <run_address>0x0</run_address>
         <size>0x41</size>
         <input_file_ref idref="fl-2"/>
      </object_component>
      <object_component id="oc-2e">
         <name>.debug_line</name>
         <load_address>0x41</load_address>
         <run_address>0x41</run_address>
         <size>0x41</size>
         <input_file_ref idref="fl-2"/>
      </object_component>
      <object_component id="oc-29">
         <name>.debug_line</name>
         <load_address>0x82</load_address>
         <run_address>0x82</run_address>
         <size>0xa1</size>
         <input_file_ref idref="fl-2"/>
      </object_component>
      <object_component id="oc-73">
         <name>.debug_line</name>
         <load_address>0x123</load_address>
         <run_address>0x123</run_address>
         <size>0x6f</size>
         <input_file_ref idref="fl-2"/>
      </object_component>
      <object_component id="oc-39">
         <name>.debug_line</name>
         <load_address>0x192</load_address>
         <run_address>0x192</run_address>
         <size>0x20</size>
         <input_file_ref idref="fl-2"/>
      </object_component>
      <object_component id="oc-b0">
         <name>.debug_line</name>
         <load_address>0x1b2</load_address>
         <run_address>0x1b2</run_address>
         <size>0x73</size>
         <input_file_ref idref="fl-2"/>
      </object_component>
      <object_component id="oc-78">
         <name>.debug_line</name>
         <load_address>0x225</load_address>
         <run_address>0x225</run_address>
         <size>0x70</size>
         <input_file_ref idref="fl-2"/>
      </object_component>
      <object_component id="oc-f7">
         <name>.debug_line</name>
         <load_address>0x295</load_address>
         <run_address>0x295</run_address>
         <size>0x20</size>
         <input_file_ref idref="fl-4"/>
      </object_component>
      <object_component id="oc-f1">
         <name>.debug_line</name>
         <load_address>0x2b5</load_address>
         <run_address>0x2b5</run_address>
         <size>0xec</size>
         <input_file_ref idref="fl-6"/>
      </object_component>
      <object_component id="oc-1c5">
         <name>.debug_line</name>
         <load_address>0x3a1</load_address>
         <run_address>0x3a1</run_address>
         <size>0x48</size>
         <input_file_ref idref="fl-6"/>
      </object_component>
      <object_component id="oc-186">
         <name>.debug_line</name>
         <load_address>0x3e9</load_address>
         <run_address>0x3e9</run_address>
         <size>0x6b</size>
         <input_file_ref idref="fl-6"/>
      </object_component>
      <object_component id="oc-1bc">
         <name>.debug_line</name>
         <load_address>0x454</load_address>
         <run_address>0x454</run_address>
         <size>0xd6</size>
         <input_file_ref idref="fl-8"/>
      </object_component>
      <object_component id="oc-1c8">
         <name>.debug_line</name>
         <load_address>0x52a</load_address>
         <run_address>0x52a</run_address>
         <size>0x188</size>
         <input_file_ref idref="fl-9"/>
      </object_component>
      <object_component id="oc-9c">
         <name>.debug_line</name>
         <load_address>0x6b2</load_address>
         <run_address>0x6b2</run_address>
         <size>0x97</size>
         <input_file_ref idref="fl-9"/>
      </object_component>
      <object_component id="oc-221">
         <name>.debug_line</name>
         <load_address>0x749</load_address>
         <run_address>0x749</run_address>
         <size>0x8e</size>
         <input_file_ref idref="fl-a"/>
      </object_component>
      <object_component id="oc-214">
         <name>.debug_line</name>
         <load_address>0x7d7</load_address>
         <run_address>0x7d7</run_address>
         <size>0x38</size>
         <input_file_ref idref="fl-a"/>
      </object_component>
      <object_component id="oc-21f">
         <name>.debug_line</name>
         <load_address>0x80f</load_address>
         <run_address>0x80f</run_address>
         <size>0x38</size>
         <input_file_ref idref="fl-a"/>
      </object_component>
      <object_component id="oc-216">
         <name>.debug_line</name>
         <load_address>0x847</load_address>
         <run_address>0x847</run_address>
         <size>0x38</size>
         <input_file_ref idref="fl-a"/>
      </object_component>
      <object_component id="oc-212">
         <name>.debug_line</name>
         <load_address>0x87f</load_address>
         <run_address>0x87f</run_address>
         <size>0x38</size>
         <input_file_ref idref="fl-a"/>
      </object_component>
      <object_component id="oc-dd">
         <name>.debug_line</name>
         <load_address>0x8b7</load_address>
         <run_address>0x8b7</run_address>
         <size>0x27d</size>
         <input_file_ref idref="fl-a"/>
      </object_component>
      <object_component id="oc-17a">
         <name>.debug_line</name>
         <load_address>0xb34</load_address>
         <run_address>0xb34</run_address>
         <size>0x5b</size>
         <input_file_ref idref="fl-c5"/>
      </object_component>
      <object_component id="oc-bf">
         <name>.debug_line</name>
         <load_address>0xb8f</load_address>
         <run_address>0xb8f</run_address>
         <size>0x92</size>
         <input_file_ref idref="fl-c6"/>
      </object_component>
      <object_component id="oc-4c">
         <name>.debug_line</name>
         <load_address>0xc21</load_address>
         <run_address>0xc21</run_address>
         <size>0x4c</size>
         <input_file_ref idref="fl-c6"/>
      </object_component>
      <object_component id="oc-8c">
         <name>.debug_line</name>
         <load_address>0xc6d</load_address>
         <run_address>0xc6d</run_address>
         <size>0x34</size>
         <input_file_ref idref="fl-c6"/>
      </object_component>
      <object_component id="oc-bc">
         <name>.debug_line</name>
         <load_address>0xca1</load_address>
         <run_address>0xca1</run_address>
         <size>0x92</size>
         <input_file_ref idref="fl-c6"/>
      </object_component>
      <object_component id="oc-87">
         <name>.debug_line</name>
         <load_address>0xd33</load_address>
         <run_address>0xd33</run_address>
         <size>0x20</size>
         <input_file_ref idref="fl-c7"/>
      </object_component>
      <object_component id="oc-1d">
         <name>.debug_line</name>
         <load_address>0xd53</load_address>
         <run_address>0xd53</run_address>
         <size>0x55</size>
         <input_file_ref idref="fl-c7"/>
      </object_component>
      <object_component id="oc-44">
         <name>.debug_line</name>
         <load_address>0xda8</load_address>
         <run_address>0xda8</run_address>
         <size>0x3a</size>
         <input_file_ref idref="fl-c7"/>
      </object_component>
      <object_component id="oc-84">
         <name>.debug_line</name>
         <load_address>0xde2</load_address>
         <run_address>0xde2</run_address>
         <size>0x92</size>
         <input_file_ref idref="fl-c7"/>
      </object_component>
      <object_component id="oc-b8">
         <name>.debug_line</name>
         <load_address>0xe74</load_address>
         <run_address>0xe74</run_address>
         <size>0x20</size>
         <input_file_ref idref="fl-c8"/>
      </object_component>
      <object_component id="oc-19">
         <name>.debug_line</name>
         <load_address>0xe94</load_address>
         <run_address>0xe94</run_address>
         <size>0xa9</size>
         <input_file_ref idref="fl-c8"/>
      </object_component>
      <object_component id="oc-34">
         <name>.debug_line</name>
         <load_address>0xf3d</load_address>
         <run_address>0xf3d</run_address>
         <size>0x3a</size>
         <input_file_ref idref="fl-c8"/>
      </object_component>
      <object_component id="oc-b5">
         <name>.debug_line</name>
         <load_address>0xf77</load_address>
         <run_address>0xf77</run_address>
         <size>0x9a</size>
         <input_file_ref idref="fl-c8"/>
      </object_component>
      <object_component id="oc-7d">
         <name>.debug_line</name>
         <load_address>0x1011</load_address>
         <run_address>0x1011</run_address>
         <size>0x96</size>
         <input_file_ref idref="fl-c8"/>
      </object_component>
      <object_component id="oc-6c">
         <name>.debug_line</name>
         <load_address>0x10a7</load_address>
         <run_address>0x10a7</run_address>
         <size>0x33</size>
         <input_file_ref idref="fl-c9"/>
      </object_component>
      <object_component id="oc-5a">
         <name>.debug_line</name>
         <load_address>0x10da</load_address>
         <run_address>0x10da</run_address>
         <size>0x45</size>
         <input_file_ref idref="fl-c9"/>
      </object_component>
      <object_component id="oc-218">
         <name>.debug_line</name>
         <load_address>0x111f</load_address>
         <run_address>0x111f</run_address>
         <size>0x37</size>
         <input_file_ref idref="fl-ca"/>
      </object_component>
      <object_component id="oc-3f">
         <name>.debug_line</name>
         <load_address>0x1156</load_address>
         <run_address>0x1156</run_address>
         <size>0x88</size>
         <input_file_ref idref="fl-cb"/>
      </object_component>
      <object_component id="oc-25b">
         <name>.debug_line</name>
         <load_address>0x11de</load_address>
         <run_address>0x11de</run_address>
         <size>0xbf</size>
         <input_file_ref idref="fl-cd"/>
      </object_component>
      <object_component id="oc-109">
         <name>.debug_line</name>
         <load_address>0x129d</load_address>
         <run_address>0x129d</run_address>
         <size>0x6f</size>
         <input_file_ref idref="fl-cd"/>
      </object_component>
      <object_component id="oc-25f">
         <name>.debug_line</name>
         <load_address>0x130c</load_address>
         <run_address>0x130c</run_address>
         <size>0x2e</size>
         <input_file_ref idref="fl-cd"/>
      </object_component>
      <object_component id="oc-28b">
         <name>.debug_line</name>
         <load_address>0x133a</load_address>
         <run_address>0x133a</run_address>
         <size>0x9a</size>
         <input_file_ref idref="fl-cd"/>
      </object_component>
      <object_component id="oc-264">
         <name>.debug_line</name>
         <load_address>0x13d4</load_address>
         <run_address>0x13d4</run_address>
         <size>0x97</size>
         <input_file_ref idref="fl-cd"/>
      </object_component>
      <object_component id="oc-269">
         <name>.debug_line</name>
         <load_address>0x146b</load_address>
         <run_address>0x146b</run_address>
         <size>0x93</size>
         <input_file_ref idref="fl-cd"/>
      </object_component>
      <object_component id="oc-99">
         <name>.debug_line</name>
         <load_address>0x14fe</load_address>
         <run_address>0x14fe</run_address>
         <size>0x40</size>
         <input_file_ref idref="fl-ce"/>
      </object_component>
      <object_component id="oc-fe">
         <name>.debug_line</name>
         <load_address>0x153e</load_address>
         <run_address>0x153e</run_address>
         <size>0x3c</size>
         <input_file_ref idref="fl-d0"/>
      </object_component>
      <object_component id="oc-295">
         <name>.debug_line</name>
         <load_address>0x157a</load_address>
         <run_address>0x157a</run_address>
         <size>0x20</size>
         <input_file_ref idref="fl-d3"/>
      </object_component>
      <object_component id="oc-ea">
         <name>.debug_line</name>
         <load_address>0x159a</load_address>
         <run_address>0x159a</run_address>
         <size>0x91</size>
         <input_file_ref idref="fl-d3"/>
      </object_component>
      <object_component id="oc-1fc">
         <name>.debug_line</name>
         <load_address>0x162b</load_address>
         <run_address>0x162b</run_address>
         <size>0x71</size>
         <input_file_ref idref="fl-d3"/>
      </object_component>
      <object_component id="oc-1ec">
         <name>.debug_line</name>
         <load_address>0x169c</load_address>
         <run_address>0x169c</run_address>
         <size>0x75</size>
         <input_file_ref idref="fl-d3"/>
      </object_component>
      <object_component id="oc-1f7">
         <name>.debug_line</name>
         <load_address>0x1711</load_address>
         <run_address>0x1711</run_address>
         <size>0x71</size>
         <input_file_ref idref="fl-d3"/>
      </object_component>
      <object_component id="oc-13b">
         <name>.debug_line</name>
         <load_address>0x1782</load_address>
         <run_address>0x1782</run_address>
         <size>0x72</size>
         <input_file_ref idref="fl-d3"/>
      </object_component>
      <object_component id="oc-201">
         <name>.debug_line</name>
         <load_address>0x17f4</load_address>
         <run_address>0x17f4</run_address>
         <size>0x82</size>
         <input_file_ref idref="fl-d4"/>
      </object_component>
      <object_component id="oc-1ff">
         <name>.debug_line</name>
         <load_address>0x1876</load_address>
         <run_address>0x1876</run_address>
         <size>0x7d</size>
         <input_file_ref idref="fl-d4"/>
      </object_component>
      <object_component id="oc-148">
         <name>.debug_line</name>
         <load_address>0x18f3</load_address>
         <run_address>0x18f3</run_address>
         <size>0x95</size>
         <input_file_ref idref="fl-d4"/>
      </object_component>
      <object_component id="oc-14e">
         <name>.debug_line</name>
         <load_address>0x1988</load_address>
         <run_address>0x1988</run_address>
         <size>0xc4</size>
         <input_file_ref idref="fl-d4"/>
      </object_component>
      <object_component id="oc-d2">
         <name>.debug_line</name>
         <load_address>0x1a4c</load_address>
         <run_address>0x1a4c</run_address>
         <size>0x99</size>
         <input_file_ref idref="fl-d4"/>
      </object_component>
      <object_component id="oc-cc">
         <name>.debug_line</name>
         <load_address>0x1ae5</load_address>
         <run_address>0x1ae5</run_address>
         <size>0xa7</size>
         <input_file_ref idref="fl-d4"/>
      </object_component>
      <object_component id="oc-282">
         <name>.debug_line</name>
         <load_address>0x1b8c</load_address>
         <run_address>0x1b8c</run_address>
         <size>0x7c</size>
         <input_file_ref idref="fl-d6"/>
      </object_component>
      <object_component id="oc-280">
         <name>.debug_line</name>
         <load_address>0x1c08</load_address>
         <run_address>0x1c08</run_address>
         <size>0x82</size>
         <input_file_ref idref="fl-d6"/>
      </object_component>
      <object_component id="oc-29b">
         <name>.debug_line</name>
         <load_address>0x1c8a</load_address>
         <run_address>0x1c8a</run_address>
         <size>0x82</size>
         <input_file_ref idref="fl-d6"/>
      </object_component>
      <object_component id="oc-234">
         <name>.debug_line</name>
         <load_address>0x1d0c</load_address>
         <run_address>0x1d0c</run_address>
         <size>0xaf</size>
         <input_file_ref idref="fl-d6"/>
      </object_component>
      <object_component id="oc-1b3">
         <name>.debug_line</name>
         <load_address>0x1dbb</load_address>
         <run_address>0x1dbb</run_address>
         <size>0x97</size>
         <input_file_ref idref="fl-d6"/>
      </object_component>
      <object_component id="oc-1aa">
         <name>.debug_line</name>
         <load_address>0x1e52</load_address>
         <run_address>0x1e52</run_address>
         <size>0xc2</size>
         <input_file_ref idref="fl-d6"/>
      </object_component>
      <object_component id="oc-1ef">
         <name>.debug_line</name>
         <load_address>0x1f14</load_address>
         <run_address>0x1f14</run_address>
         <size>0x13d</size>
         <input_file_ref idref="fl-d7"/>
      </object_component>
      <object_component id="oc-273">
         <name>.debug_line</name>
         <load_address>0x2051</load_address>
         <run_address>0x2051</run_address>
         <size>0x7f</size>
         <input_file_ref idref="fl-d7"/>
      </object_component>
      <object_component id="oc-156">
         <name>.debug_line</name>
         <load_address>0x20d0</load_address>
         <run_address>0x20d0</run_address>
         <size>0x94</size>
         <input_file_ref idref="fl-d7"/>
      </object_component>
      <object_component id="oc-c6">
         <name>.debug_line</name>
         <load_address>0x2164</load_address>
         <run_address>0x2164</run_address>
         <size>0x94</size>
         <input_file_ref idref="fl-d7"/>
      </object_component>
      <object_component id="oc-e5">
         <name>.debug_line</name>
         <load_address>0x21f8</load_address>
         <run_address>0x21f8</run_address>
         <size>0xee</size>
         <input_file_ref idref="fl-d7"/>
      </object_component>
      <object_component id="oc-196">
         <name>.debug_line</name>
         <load_address>0x22e6</load_address>
         <run_address>0x22e6</run_address>
         <size>0x118</size>
         <input_file_ref idref="fl-d7"/>
      </object_component>
      <object_component id="oc-1f2">
         <name>.debug_line</name>
         <load_address>0x23fe</load_address>
         <run_address>0x23fe</run_address>
         <size>0x7f</size>
         <input_file_ref idref="fl-d7"/>
      </object_component>
      <object_component id="oc-271">
         <name>.debug_line</name>
         <load_address>0x247d</load_address>
         <run_address>0x247d</run_address>
         <size>0x82</size>
         <input_file_ref idref="fl-d8"/>
      </object_component>
      <object_component id="oc-297">
         <name>.debug_line</name>
         <load_address>0x24ff</load_address>
         <run_address>0x24ff</run_address>
         <size>0x7e</size>
         <input_file_ref idref="fl-d8"/>
      </object_component>
      <object_component id="oc-299">
         <name>.debug_line</name>
         <load_address>0x257d</load_address>
         <run_address>0x257d</run_address>
         <size>0x7e</size>
         <input_file_ref idref="fl-d8"/>
      </object_component>
      <object_component id="oc-19c">
         <name>.debug_line</name>
         <load_address>0x25fb</load_address>
         <run_address>0x25fb</run_address>
         <size>0x9c</size>
         <input_file_ref idref="fl-d8"/>
      </object_component>
      <object_component id="oc-22e">
         <name>.debug_line</name>
         <load_address>0x2697</load_address>
         <run_address>0x2697</run_address>
         <size>0xaf</size>
         <input_file_ref idref="fl-d8"/>
      </object_component>
      <object_component id="oc-1a2">
         <name>.debug_line</name>
         <load_address>0x2746</load_address>
         <run_address>0x2746</run_address>
         <size>0x9a</size>
         <input_file_ref idref="fl-d8"/>
      </object_component>
      <object_component id="oc-1a8">
         <name>.debug_line</name>
         <load_address>0x27e0</load_address>
         <run_address>0x27e0</run_address>
         <size>0x93</size>
         <input_file_ref idref="fl-d8"/>
      </object_component>
      <object_component id="oc-249">
         <name>.debug_line</name>
         <load_address>0x2873</load_address>
         <run_address>0x2873</run_address>
         <size>0x93</size>
         <input_file_ref idref="fl-d8"/>
      </object_component>
      <object_component id="oc-1ba">
         <name>.debug_line</name>
         <load_address>0x2906</load_address>
         <run_address>0x2906</run_address>
         <size>0x93</size>
         <input_file_ref idref="fl-d8"/>
      </object_component>
      <object_component id="oc-18f">
         <name>.debug_line</name>
         <load_address>0x2999</load_address>
         <run_address>0x2999</run_address>
         <size>0xb7</size>
         <input_file_ref idref="fl-d8"/>
      </object_component>
      <object_component id="oc-205">
         <name>.debug_line</name>
         <load_address>0x2a50</load_address>
         <run_address>0x2a50</run_address>
         <size>0x82</size>
         <input_file_ref idref="fl-d9"/>
      </object_component>
      <object_component id="oc-162">
         <name>.debug_line</name>
         <load_address>0x2ad2</load_address>
         <run_address>0x2ad2</run_address>
         <size>0x93</size>
         <input_file_ref idref="fl-d9"/>
      </object_component>
      <object_component id="oc-20b">
         <name>.debug_line</name>
         <load_address>0x2b65</load_address>
         <run_address>0x2b65</run_address>
         <size>0x96</size>
         <input_file_ref idref="fl-d9"/>
      </object_component>
      <object_component id="oc-15c">
         <name>.debug_line</name>
         <load_address>0x2bfb</load_address>
         <run_address>0x2bfb</run_address>
         <size>0xb3</size>
         <input_file_ref idref="fl-d9"/>
      </object_component>
      <object_component id="oc-d8">
         <name>.debug_line</name>
         <load_address>0x2cae</load_address>
         <run_address>0x2cae</run_address>
         <size>0x92</size>
         <input_file_ref idref="fl-d9"/>
      </object_component>
      <object_component id="oc-168">
         <name>.debug_line</name>
         <load_address>0x2d40</load_address>
         <run_address>0x2d40</run_address>
         <size>0x93</size>
         <input_file_ref idref="fl-d9"/>
      </object_component>
      <object_component id="oc-16e">
         <name>.debug_line</name>
         <load_address>0x2dd3</load_address>
         <run_address>0x2dd3</run_address>
         <size>0x93</size>
         <input_file_ref idref="fl-d9"/>
      </object_component>
      <object_component id="oc-241">
         <name>.debug_line</name>
         <load_address>0x2e66</load_address>
         <run_address>0x2e66</run_address>
         <size>0x91</size>
         <input_file_ref idref="fl-da"/>
      </object_component>
      <object_component id="oc-2a">
         <name>.debug_frame</name>
         <load_address>0x0</load_address>
         <run_address>0x0</run_address>
         <size>0x90</size>
         <input_file_ref idref="fl-2"/>
      </object_component>
      <object_component id="oc-f0">
         <name>.debug_frame</name>
         <load_address>0x90</load_address>
         <run_address>0x90</run_address>
         <size>0x60</size>
         <input_file_ref idref="fl-6"/>
      </object_component>
      <object_component id="oc-1c0">
         <name>.debug_frame</name>
         <load_address>0xf0</load_address>
         <run_address>0xf0</run_address>
         <size>0xd0</size>
         <input_file_ref idref="fl-8"/>
      </object_component>
      <object_component id="oc-a0">
         <name>.debug_frame</name>
         <load_address>0x1c0</load_address>
         <run_address>0x1c0</run_address>
         <size>0x88</size>
         <input_file_ref idref="fl-9"/>
      </object_component>
      <object_component id="oc-dc">
         <name>.debug_frame</name>
         <load_address>0x248</load_address>
         <run_address>0x248</run_address>
         <size>0x100</size>
         <input_file_ref idref="fl-a"/>
      </object_component>
      <object_component id="oc-4b">
         <name>.debug_frame</name>
         <load_address>0x348</load_address>
         <run_address>0x348</run_address>
         <size>0x54</size>
         <input_file_ref idref="fl-c6"/>
      </object_component>
      <object_component id="oc-1e">
         <name>.debug_frame</name>
         <load_address>0x39c</load_address>
         <run_address>0x39c</run_address>
         <size>0x54</size>
         <input_file_ref idref="fl-c7"/>
      </object_component>
      <object_component id="oc-1a">
         <name>.debug_frame</name>
         <load_address>0x3f0</load_address>
         <run_address>0x3f0</run_address>
         <size>0x60</size>
         <input_file_ref idref="fl-c8"/>
      </object_component>
      <object_component id="oc-5c">
         <name>.debug_frame</name>
         <load_address>0x450</load_address>
         <run_address>0x450</run_address>
         <size>0x50</size>
         <input_file_ref idref="fl-c9"/>
      </object_component>
      <object_component id="oc-10a">
         <name>.debug_frame</name>
         <load_address>0x4a0</load_address>
         <run_address>0x4a0</run_address>
         <size>0x5c</size>
         <input_file_ref idref="fl-cd"/>
      </object_component>
      <object_component id="oc-9a">
         <name>.debug_frame</name>
         <load_address>0x4fc</load_address>
         <run_address>0x4fc</run_address>
         <size>0x54</size>
         <input_file_ref idref="fl-ce"/>
      </object_component>
      <object_component id="oc-fb">
         <name>.debug_frame</name>
         <load_address>0x550</load_address>
         <run_address>0x550</run_address>
         <size>0x54</size>
         <input_file_ref idref="fl-d0"/>
      </object_component>
      <object_component id="oc-eb">
         <name>.debug_frame</name>
         <load_address>0x5a4</load_address>
         <run_address>0x5a4</run_address>
         <size>0x54</size>
         <input_file_ref idref="fl-d3"/>
      </object_component>
      <object_component id="oc-147">
         <name>.debug_frame</name>
         <load_address>0x5f8</load_address>
         <run_address>0x5f8</run_address>
         <size>0x54</size>
         <input_file_ref idref="fl-d4"/>
      </object_component>
      <object_component id="oc-14d">
         <name>.debug_frame</name>
         <load_address>0x64c</load_address>
         <run_address>0x64c</run_address>
         <size>0x68</size>
         <input_file_ref idref="fl-d4"/>
      </object_component>
      <object_component id="oc-d3">
         <name>.debug_frame</name>
         <load_address>0x6b4</load_address>
         <run_address>0x6b4</run_address>
         <size>0x58</size>
         <input_file_ref idref="fl-d4"/>
      </object_component>
      <object_component id="oc-cd">
         <name>.debug_frame</name>
         <load_address>0x70c</load_address>
         <run_address>0x70c</run_address>
         <size>0x58</size>
         <input_file_ref idref="fl-d4"/>
      </object_component>
      <object_component id="oc-230">
         <name>.debug_frame</name>
         <load_address>0x764</load_address>
         <run_address>0x764</run_address>
         <size>0x60</size>
         <input_file_ref idref="fl-d6"/>
      </object_component>
      <object_component id="oc-1b4">
         <name>.debug_frame</name>
         <load_address>0x7c4</load_address>
         <run_address>0x7c4</run_address>
         <size>0x58</size>
         <input_file_ref idref="fl-d6"/>
      </object_component>
      <object_component id="oc-1ae">
         <name>.debug_frame</name>
         <load_address>0x81c</load_address>
         <run_address>0x81c</run_address>
         <size>0x54</size>
         <input_file_ref idref="fl-d6"/>
      </object_component>
      <object_component id="oc-157">
         <name>.debug_frame</name>
         <load_address>0x870</load_address>
         <run_address>0x870</run_address>
         <size>0x54</size>
         <input_file_ref idref="fl-d7"/>
      </object_component>
      <object_component id="oc-c7">
         <name>.debug_frame</name>
         <load_address>0x8c4</load_address>
         <run_address>0x8c4</run_address>
         <size>0x54</size>
         <input_file_ref idref="fl-d7"/>
      </object_component>
      <object_component id="oc-e1">
         <name>.debug_frame</name>
         <load_address>0x918</load_address>
         <run_address>0x918</run_address>
         <size>0x68</size>
         <input_file_ref idref="fl-d7"/>
      </object_component>
      <object_component id="oc-192">
         <name>.debug_frame</name>
         <load_address>0x980</load_address>
         <run_address>0x980</run_address>
         <size>0x60</size>
         <input_file_ref idref="fl-d7"/>
      </object_component>
      <object_component id="oc-19b">
         <name>.debug_frame</name>
         <load_address>0x9e0</load_address>
         <run_address>0x9e0</run_address>
         <size>0x54</size>
         <input_file_ref idref="fl-d8"/>
      </object_component>
      <object_component id="oc-22d">
         <name>.debug_frame</name>
         <load_address>0xa34</load_address>
         <run_address>0xa34</run_address>
         <size>0x5c</size>
         <input_file_ref idref="fl-d8"/>
      </object_component>
      <object_component id="oc-1a1">
         <name>.debug_frame</name>
         <load_address>0xa90</load_address>
         <run_address>0xa90</run_address>
         <size>0x5c</size>
         <input_file_ref idref="fl-d8"/>
      </object_component>
      <object_component id="oc-1a7">
         <name>.debug_frame</name>
         <load_address>0xaec</load_address>
         <run_address>0xaec</run_address>
         <size>0x54</size>
         <input_file_ref idref="fl-d8"/>
      </object_component>
      <object_component id="oc-248">
         <name>.debug_frame</name>
         <load_address>0xb40</load_address>
         <run_address>0xb40</run_address>
         <size>0x54</size>
         <input_file_ref idref="fl-d8"/>
      </object_component>
      <object_component id="oc-1b9">
         <name>.debug_frame</name>
         <load_address>0xb94</load_address>
         <run_address>0xb94</run_address>
         <size>0x54</size>
         <input_file_ref idref="fl-d8"/>
      </object_component>
      <object_component id="oc-190">
         <name>.debug_frame</name>
         <load_address>0xbe8</load_address>
         <run_address>0xbe8</run_address>
         <size>0x58</size>
         <input_file_ref idref="fl-d8"/>
      </object_component>
      <object_component id="oc-163">
         <name>.debug_frame</name>
         <load_address>0xc40</load_address>
         <run_address>0xc40</run_address>
         <size>0x54</size>
         <input_file_ref idref="fl-d9"/>
      </object_component>
      <object_component id="oc-20c">
         <name>.debug_frame</name>
         <load_address>0xc94</load_address>
         <run_address>0xc94</run_address>
         <size>0x54</size>
         <input_file_ref idref="fl-d9"/>
      </object_component>
      <object_component id="oc-15d">
         <name>.debug_frame</name>
         <load_address>0xce8</load_address>
         <run_address>0xce8</run_address>
         <size>0x5c</size>
         <input_file_ref idref="fl-d9"/>
      </object_component>
      <object_component id="oc-d9">
         <name>.debug_frame</name>
         <load_address>0xd44</load_address>
         <run_address>0xd44</run_address>
         <size>0x54</size>
         <input_file_ref idref="fl-d9"/>
      </object_component>
      <object_component id="oc-169">
         <name>.debug_frame</name>
         <load_address>0xd98</load_address>
         <run_address>0xd98</run_address>
         <size>0x54</size>
         <input_file_ref idref="fl-d9"/>
      </object_component>
      <object_component id="oc-16f">
         <name>.debug_frame</name>
         <load_address>0xdec</load_address>
         <run_address>0xdec</run_address>
         <size>0x54</size>
         <input_file_ref idref="fl-d9"/>
      </object_component>
      <object_component id="oc-23e">
         <name>.debug_frame</name>
         <load_address>0xe40</load_address>
         <run_address>0xe40</run_address>
         <size>0x54</size>
         <input_file_ref idref="fl-da"/>
      </object_component>
      <object_component id="oc-6e">
         <name>.debug_abbrev</name>
         <load_address>0x0</load_address>
         <run_address>0x0</run_address>
         <size>0x68</size>
         <input_file_ref idref="fl-2"/>
      </object_component>
      <object_component id="oc-2d">
         <name>.debug_abbrev</name>
         <load_address>0x68</load_address>
         <run_address>0x68</run_address>
         <size>0x29</size>
         <input_file_ref idref="fl-2"/>
      </object_component>
      <object_component id="oc-6d">
         <name>.debug_abbrev</name>
         <load_address>0x91</load_address>
         <run_address>0x91</run_address>
         <size>0x79</size>
         <input_file_ref idref="fl-2"/>
      </object_component>
      <object_component id="oc-72">
         <name>.debug_abbrev</name>
         <load_address>0x10a</load_address>
         <run_address>0x10a</run_address>
         <size>0x69</size>
         <input_file_ref idref="fl-2"/>
      </object_component>
      <object_component id="oc-38">
         <name>.debug_abbrev</name>
         <load_address>0x173</load_address>
         <run_address>0x173</run_address>
         <size>0x1f</size>
         <input_file_ref idref="fl-2"/>
      </object_component>
      <object_component id="oc-af">
         <name>.debug_abbrev</name>
         <load_address>0x192</load_address>
         <run_address>0x192</run_address>
         <size>0x5c</size>
         <input_file_ref idref="fl-2"/>
      </object_component>
      <object_component id="oc-77">
         <name>.debug_abbrev</name>
         <load_address>0x1ee</load_address>
         <run_address>0x1ee</run_address>
         <size>0x24</size>
         <input_file_ref idref="fl-2"/>
      </object_component>
      <object_component id="oc-f6">
         <name>.debug_abbrev</name>
         <load_address>0x212</load_address>
         <run_address>0x212</run_address>
         <size>0x1f</size>
[...]
            <object_component_ref idref="oc-e9"/>
            <object_component_ref idref="oc-140"/>
            <object_component_ref idref="oc-146"/>
            <object_component_ref idref="oc-14c"/>
            <object_component_ref idref="oc-d1"/>
            <object_component_ref idref="oc-ca"/>
            <object_component_ref idref="oc-239"/>
            <object_component_ref idref="oc-27d"/>
            <object_component_ref idref="oc-233"/>
            <object_component_ref idref="oc-1b2"/>
            <object_component_ref idref="oc-1ad"/>
            <object_component_ref idref="oc-226"/>
            <object_component_ref idref="oc-155"/>
            <object_component_ref idref="oc-c5"/>
            <object_component_ref idref="oc-e4"/>
            <object_component_ref idref="oc-195"/>
            <object_component_ref idref="oc-276"/>
            <object_component_ref idref="oc-279"/>
            <object_component_ref idref="oc-199"/>
            <object_component_ref idref="oc-22c"/>
            <object_component_ref idref="oc-19f"/>
            <object_component_ref idref="oc-1a5"/>
            <object_component_ref idref="oc-247"/>
            <object_component_ref idref="oc-1b8"/>
            <object_component_ref idref="oc-18e"/>
            <object_component_ref idref="oc-161"/>
            <object_component_ref idref="oc-20a"/>
            <object_component_ref idref="oc-15a"/>
            <object_component_ref idref="oc-d6"/>
            <object_component_ref idref="oc-166"/>
            <object_component_ref idref="oc-16d"/>
            <object_component_ref idref="oc-240"/>
         </contents>
      </logical_group>
      <logical_group id="lg-2bb" display="never" color="cyan">
         <name>.debug_pubtypes</name>
         <load_address>0x0</load_address>
         <run_address>0x0</run_address>
         <size>0x1250</size>
         <contents>
            <object_component_ref idref="oc-71"/>
            <object_component_ref idref="oc-37"/>
            <object_component_ref idref="oc-ae"/>
            <object_component_ref idref="oc-76"/>
            <object_component_ref idref="oc-f5"/>
            <object_component_ref idref="oc-1c3"/>
            <object_component_ref idref="oc-184"/>
            <object_component_ref idref="oc-8a"/>
            <object_component_ref idref="oc-ba"/>
            <object_component_ref idref="oc-42"/>
            <object_component_ref idref="oc-82"/>
            <object_component_ref idref="oc-32"/>
            <object_component_ref idref="oc-b3"/>
            <object_component_ref idref="oc-7b"/>
            <object_component_ref idref="oc-25d"/>
            <object_component_ref idref="oc-289"/>
            <object_component_ref idref="oc-262"/>
            <object_component_ref idref="oc-267"/>
            <object_component_ref idref="oc-1fa"/>
            <object_component_ref idref="oc-1ea"/>
            <object_component_ref idref="oc-1f5"/>
            <object_component_ref idref="oc-139"/>
         </contents>
      </logical_group>
      <logical_group id="lg-2c9" display="no" color="cyan">
         <name>Veneer$$CMSE</name>
         <run_address>0x0</run_address>
         <size>0x0</size>
         <contents>
         </contents>
      </logical_group>
      <load_segment id="lg-2cf" display="no" color="cyan">
         <name>SEGMENT_0</name>
         <load_address>0x0</load_address>
         <run_address>0x0</run_address>
         <size>0x1640</size>
         <flags>0x5</flags>
         <contents>
            <logical_group_ref idref="lg-3"/>
            <logical_group_ref idref="lg-4"/>
            <logical_group_ref idref="lg-5"/>
            <logical_group_ref idref="lg-6"/>
         </contents>
      </load_segment>
      <load_segment id="lg-2d0" display="no" color="cyan">
         <name>SEGMENT_1</name>
         <run_address>0x20000000</run_address>
         <size>0x48d</size>
         <flags>0x6</flags>
         <contents>
            <logical_group_ref idref="lg-9"/>
            <logical_group_ref idref="lg-d"/>
            <logical_group_ref idref="lg-a"/>
         </contents>
      </load_segment>
   </logical_group_list>
   <placement_map>
      <memory_area display="yes" color="green">
         <name>FLASH</name>
         <page_id>0x0</page_id>
         <origin>0x0</origin>
         <length>0x40000</length>
         <used_space>0x1640</used_space>
         <unused_space>0x3e9c0</unused_space>
         <attributes>RX</attributes>
         <usage_details>
            <allocated_space>
               <start_address>0x0</start_address>
               <size>0x26c</size>
               <logical_group_ref idref="lg-3"/>
            </allocated_space>
            <allocated_space>
               <start_address>0x26c</start_address>
               <size>0x11c4</size>
               <logical_group_ref idref="lg-4"/>
            </allocated_space>
            <allocated_space>
               <start_address>0x1430</start_address>
               <size>0x1e0</size>
               <logical_group_ref idref="lg-5"/>
            </allocated_space>
            <allocated_space>
               <start_address>0x1610</start_address>
               <size>0x30</size>
               <logical_group_ref idref="lg-6"/>
            </allocated_space>
            <available_space>
               <start_address>0x1640</start_address>
               <size>0x3e9c0</size>
            </available_space>
         </usage_details>
      </memory_area>
      <memory_area display="yes" color="green">
         <name>SRAM</name>
         <page_id>0x0</page_id>
         <origin>0x20000000</origin>
         <length>0x8000</length>
         <used_space>0x489</used_space>
         <unused_space>0x7b77</unused_space>
         <attributes>RWX</attributes>
         <usage_details>
            <allocated_space>
               <start_address>0x20000000</start_address>
               <size>0x0</size>
               <logical_group_ref idref="lg-29e"/>
            </allocated_space>
            <allocated_space>
               <start_address>0x20000000</start_address>
               <size>0x26c</size>
               <logical_group_ref idref="lg-9"/>
            </allocated_space>
            <available_space>
               <start_address>0x2000026c</start_address>
               <size>0x4</size>
            </available_space>
            <allocated_space>
               <start_address>0x20000270</start_address>
               <size>0x200</size>
               <logical_group_ref idref="lg-d"/>
            </allocated_space>
            <allocated_space>
               <start_address>0x20000470</start_address>
               <size>0x1d</size>
               <logical_group_ref idref="lg-a"/>
            </allocated_space>
            <available_space>
               <start_address>0x2000048d</start_address>
               <size>0x7b73</size>
            </available_space>
         </usage_details>
      </memory_area>
   </placement_map>
   <cptbl_list>
      <cptbl>
         <name>__TI_cinit_table</name>
         <cprec>
            <name>.data</name>
            <load_address>0x161c</load_address>
            <load_size>0x8</load_size>
            <run_address>0x20000470</run_address>
            <run_size>0x1d</run_size>
            <compression>lzss</compression>
         </cprec>
         <cprec>
            <name>.vtable</name>
            <load_address>0x1628</load_address>
            <load_size>0x8</load_size>
            <run_address>0x20000000</run_address>
            <run_size>0x26c</run_size>
            <compression>zero_init</compression>
         </cprec>
      </cptbl>
   </cptbl_list>
   <handler_table>
      <handler_table_name>__TI_handler_table</handler_table_name>
      <handler>
         <index>0x0</index>
         <name>__TI_zero_init</name>
      </handler>
      <handler>
         <index>0x1</index>
         <name>__TI_decompress_lzss</name>
      </handler>
      <handler>
         <index>0x2</index>
         <name>__TI_decompress_none</name>
      </handler>
   </handler_table>
   <symbol_table>
      <symbol id="sm-1">
         <name>__STACK_TOP</name>
         <value>0x20000470</value>
      </symbol>
      <symbol id="sm-2">
         <name>__start___llvm_prf_cnts</name>
         <value>0x20000000</value>
      </symbol>
      <symbol id="sm-3">
         <name>__stop___llvm_prf_cnts</name>
         <value>0x20000000</value>
      </symbol>
      <symbol id="sm-4">
         <name>__TI_CINIT_Base</name>
         <value>0x1630</value>
      </symbol>
      <symbol id="sm-5">
         <name>__TI_CINIT_Limit</name>
         <value>0x1640</value>
      </symbol>
      <symbol id="sm-6">
         <name>__TI_Handler_Table_Base</name>
         <value>0x1610</value>
      </symbol>
      <symbol id="sm-7">
         <name>__TI_Handler_Table_Limit</name>
         <value>0x161c</value>
      </symbol>
      <symbol id="sm-8">
         <name>binit</name>
         <value>0xffffffff</value>
      </symbol>
      <symbol id="sm-9">
         <name>__binit__</name>
         <value>0xffffffff</value>
      </symbol>
      <symbol id="sm-a">
         <name>__STACK_SIZE</name>
         <value>0x200</value>
      </symbol>
      <symbol id="sm-b">
         <name>__STACK_END</name>
         <value>0x20000470</value>
      </symbol>
      <symbol id="sm-c">
         <name>__c_args__</name>
         <value>0xffffffff</value>
      </symbol>
      <symbol id="sm-d">
         <name>__TI_pprof_out_hndl</name>
         <value>0xffffffff</value>
      </symbol>
      <symbol id="sm-e">
         <name>__TI_prof_data_start</name>
         <value>0xffffffff</value>
      </symbol>
      <symbol id="sm-f">
         <name>__TI_prof_data_size</name>
         <value>0xffffffff</value>
      </symbol>
      <symbol id="sm-56">
         <name>ResetISR</name>
         <value>0x13f1</value>
         <object_component_ref idref="oc-27"/>
      </symbol>
      <symbol id="sm-57">
         <name>g_pfnVectors</name>
         <value>0x0</value>
         <object_component_ref idref="oc-12"/>
      </symbol>
      <symbol id="sm-90">
         <name>timer_loop_init</name>
         <value>0x715</value>
         <object_component_ref idref="oc-ec"/>
      </symbol>
      <symbol id="sm-c1">
         <name>Timer4IntHandler</name>
         <value>0xb3d</value>
         <object_component_ref idref="oc-1bb"/>
      </symbol>
      <symbol id="sm-c2">
         <name>Timer5IntHandler</name>
         <value>0xb5b</value>
         <object_component_ref idref="oc-1bb"/>
      </symbol>
      <symbol id="sm-c3">
         <name>Timer2IntHandler</name>
         <value>0xb01</value>
         <object_component_ref idref="oc-1bb"/>
      </symbol>
      <symbol id="sm-c4">
         <name>Timer3IntHandler</name>
         <value>0xb1f</value>
         <object_component_ref idref="oc-1bb"/>
      </symbol>
      <symbol id="sm-c5">
         <name>Timer0IntHandler</name>
         <value>0xac5</value>
         <object_component_ref idref="oc-1bb"/>
      </symbol>
      <symbol id="sm-c6">
         <name>Timer1IntHandler</name>
         <value>0xae3</value>
         <object_component_ref idref="oc-1bb"/>
      </symbol>
      <symbol id="sm-e2">
         <name>main</name>
         <value>0xe73</value>
         <object_component_ref idref="oc-9b"/>
      </symbol>
      <symbol id="sm-e3">
         <name>delay</name>
         <value>0xe15</value>
         <object_component_ref idref="oc-9b"/>
      </symbol>
      <symbol id="sm-e4">
         <name>ConfigureUART</name>
         <value>0xe37</value>
         <object_component_ref idref="oc-9b"/>
      </symbol>
      <symbol id="sm-154">
         <name>UARTgetc</name>
         <value>0x3bd</value>
         <object_component_ref idref="oc-da"/>
      </symbol>
      <symbol id="sm-155">
         <name>UARTgets</name>
         <value>0x303</value>
         <object_component_ref idref="oc-da"/>
      </symbol>
      <symbol id="sm-156">
         <name>UARTStdioConfig</name>
         <value>0x26d</value>
         <object_component_ref idref="oc-da"/>
      </symbol>
      <symbol id="sm-157">
         <name>UARTwrite</name>
         <value>0x2b3</value>
         <object_component_ref idref="oc-da"/>
      </symbol>
      <symbol id="sm-158">
         <name>UARTprintf</name>
         <value>0x6df</value>
         <object_component_ref idref="oc-da"/>
      </symbol>
      <symbol id="sm-159">
         <name>UARTvprintf</name>
         <value>0x3e5</value>
         <object_component_ref idref="oc-da"/>
      </symbol>
      <symbol id="sm-168">
         <name>__aeabi_uidivmod</name>
         <value>0x11d9</value>
         <object_component_ref idref="oc-179"/>
      </symbol>
      <symbol id="sm-169">
         <name>__aeabi_uidiv</name>
         <value>0x11d9</value>
         <object_component_ref idref="oc-179"/>
      </symbol>
      <symbol id="sm-182">
         <name>__TI_zero_init_nomemset</name>
         <value>0x1339</value>
         <object_component_ref idref="oc-47"/>
      </symbol>
      <symbol id="sm-199">
         <name>__TI_decompress_none</name>
         <value>0x13d7</value>
         <object_component_ref idref="oc-1b"/>
      </symbol>
      <symbol id="sm-1bc">
         <name>__TI_decompress_lzss</name>
         <value>0xfed</value>
         <object_component_ref idref="oc-15"/>
      </symbol>
      <symbol id="sm-1cf">
         <name>__stack</name>
         <value>0x20000270</value>
         <object_component_ref idref="oc-24"/>
      </symbol>
      <symbol id="sm-1d0">
         <name>_c_int00_noargs</name>
         <value>0x12b9</value>
         <object_component_ref idref="oc-59"/>
      </symbol>
      <symbol id="sm-1da">
         <name>__aeabi_idiv0</name>
         <value>0x1193</value>
         <object_component_ref idref="oc-217"/>
      </symbol>
      <symbol id="sm-1db">
         <name>__aeabi_ldiv0</name>
         <value>0x1193</value>
         <object_component_ref idref="oc-217"/>
      </symbol>
      <symbol id="sm-1f6">
         <name>memcpy</name>
         <value>0xee9</value>
         <object_component_ref idref="oc-3b"/>
      </symbol>
      <symbol id="sm-1f7">
         <name>__aeabi_memcpy</name>
         <value>0xee9</value>
         <object_component_ref idref="oc-3b"/>
      </symbol>
      <symbol id="sm-1f8">
         <name>__aeabi_memcpy8</name>
         <value>0xee9</value>
         <object_component_ref idref="oc-3b"/>
      </symbol>
      <symbol id="sm-1f9">
         <name>__aeabi_memcpy4</name>
         <value>0xee9</value>
         <object_component_ref idref="oc-3b"/>
      </symbol>
      <symbol id="sm-222">
         <name>__TI_auto_init_nobinit_nopinit</name>
         <value>0x1195</value>
         <object_component_ref idref="oc-105"/>
      </symbol>
      <symbol id="sm-22c">
         <name>_system_pre_init</name>
         <value>0x1429</value>
         <object_component_ref idref="oc-95"/>
      </symbol>
      <symbol id="sm-238">
         <name>C$$EXIT</name>
         <value>0x142d</value>
         <object_component_ref idref="oc-f9"/>
      </symbol>
      <symbol id="sm-239">
         <name>abort</name>
         <value>0x142d</value>
         <object_component_ref idref="oc-f9"/>
      </symbol>
      <symbol id="sm-25e">
         <name>FPULazyStackingEnable</name>
         <value>0x13a9</value>
         <object_component_ref idref="oc-e6"/>
      </symbol>
      <symbol id="sm-298">
         <name>GPIOPinConfigure</name>
         <value>0x10b5</value>
         <object_component_ref idref="oc-c8"/>
      </symbol>
      <symbol id="sm-299">
         <name>GPIOPinTypeUART</name>
         <value>0x136d</value>
         <object_component_ref idref="oc-ce"/>
      </symbol>
      <symbol id="sm-29a">
         <name>GPIODirModeSet</name>
         <value>0x12ed</value>
         <object_component_ref idref="oc-143"/>
      </symbol>
      <symbol id="sm-29b">
         <name>GPIOPadConfigSet</name>
         <value>0x959</value>
         <object_component_ref idref="oc-149"/>
      </symbol>
      <symbol id="sm-2d6">
         <name>IntEnable</name>
         <value>0xf85</value>
         <object_component_ref idref="oc-1a9"/>
      </symbol>
      <symbol id="sm-2d7">
         <name>IntRegister</name>
         <value>0x1251</value>
         <object_component_ref idref="oc-22f"/>
      </symbol>
      <symbol id="sm-2d8">
         <name>g_pfnRAMVectors</name>
         <value>0x20000000</value>
         <object_component_ref idref="oc-27b"/>
      </symbol>
      <symbol id="sm-2d9">
         <name>IntMasterEnable</name>
         <value>0x13b9</value>
         <object_component_ref idref="oc-1af"/>
      </symbol>
      <symbol id="sm-337">
         <name>SysCtlPeripheralPresent</name>
         <value>0x1219</value>
         <object_component_ref idref="oc-152"/>
      </symbol>
      <symbol id="sm-338">
         <name>SysCtlClockSet</name>
         <value>0xd21</value>
         <object_component_ref idref="oc-e0"/>
      </symbol>
      <symbol id="sm-339">
         <name>SysCtlDelay</name>
         <value>0x1419</value>
         <object_component_ref idref="oc-188"/>
      </symbol>
      <symbol id="sm-33a">
         <name>SysCtlPeripheralEnable</name>
         <value>0x1285</value>
         <object_component_ref idref="oc-c2"/>
      </symbol>
      <symbol id="sm-33b">
         <name>SysCtlClockGet</name>
         <value>0xc09</value>
         <object_component_ref idref="oc-191"/>
      </symbol>
      <symbol id="sm-396">
         <name>TimerLoadSet</name>
         <value>0x1397</value>
         <object_component_ref idref="oc-197"/>
      </symbol>
      <symbol id="sm-397">
         <name>TimerIntRegister</name>
         <value>0x1355</value>
         <object_component_ref idref="oc-19d"/>
      </symbol>
      <symbol id="sm-398">
         <name>TimerEnable</name>
         <value>0x13c9</value>
         <object_component_ref idref="oc-1b5"/>
      </symbol>
      <symbol id="sm-399">
         <name>TimerIntEnable</name>
         <value>0x1411</value>
         <object_component_ref idref="oc-1a3"/>
      </symbol>
      <symbol id="sm-39a">
         <name>TimerConfigure</name>
         <value>0x1055</value>
         <object_component_ref idref="oc-18b"/>
      </symbol>
      <symbol id="sm-39b">
         <name>TimerIntClear</name>
         <value>0x1425</value>
         <object_component_ref idref="oc-244"/>
      </symbol>
      <symbol id="sm-3d6">
         <name>UARTConfigSetExpClk</name>
         <value>0x114d</value>
         <object_component_ref idref="oc-158"/>
      </symbol>
      <symbol id="sm-3d7">
         <name>UARTDisable</name>
         <value>0x1319</value>
         <object_component_ref idref="oc-207"/>
      </symbol>
      <symbol id="sm-3d8">
         <name>UARTClockSourceSet</name>
         <value>0x141f</value>
         <object_component_ref idref="oc-d4"/>
      </symbol>
      <symbol id="sm-3d9">
         <name>UARTCharPut</name>
         <value>0x1407</value>
         <object_component_ref idref="oc-164"/>
      </symbol>
      <symbol id="sm-3da">
         <name>UARTEnable</name>
         <value>0x1383</value>
         <object_component_ref idref="oc-15e"/>
      </symbol>
      <symbol id="sm-3db">
         <name>UARTCharGet</name>
         <value>0x13fd</value>
         <object_component_ref idref="oc-16a"/>
      </symbol>
      <symbol id="sm-3e5">
         <name>CPUcpsie</name>
         <value>0x13e5</value>
         <object_component_ref idref="oc-23c"/>
      </symbol>
      <symbol id="sm-3e6">
         <name>__TI_static_base__</name>
         <value>0x0</value>
      </symbol>
      <symbol id="sm-3e9">
         <name>__mpu_init</name>
         <value>0x0</value>
      </symbol>
      <symbol id="sm-3ea">
         <name>_system_post_cinit</name>
         <value>0x0</value>
      </symbol>
   </symbol_table>
   <title>Link successful</title>
</link_info>
